Applying patches
Starting org.bukkit.craftbukkit.Main
[06:07:33 INFO]: [bootstrap] Running Java 25 (OpenJDK 64-Bit Server VM 25.0.4.1+1-LTS; Eclipse Adoptium Temurin-25.0.4.1+1) on Linux 6.18.44 (amd64)
[06:07:33 INFO]: [bootstrap] Loading Esco'S Fork 26.2-DEV-escos-26.2@ccc7fdd (2026-09-22T06:05:08Z) for Minecraft 26.2
[06:07:33 INFO]: [LeafConfig] Loading config...
[06:07:33 INFO]: [LeafConfig] Using 4 threads for Async Pathfinding
[06:07:33 INFO]: [LeafConfig] Using 4 threads for Async Entity Tracker
WARNING: A terminally deprecated method in sun.misc.Unsafe has been called
WARNING: sun.misc.Unsafe::objectFieldOffset has been called by org.joml.MemUtil$MemUtilUnsafe (file:/local-build/runs/compat-esco-final/libraries/org/joml/joml/1.10.8/joml-1.10.8.jar)
WARNING: Please consider reporting this to the maintainers of class org.joml.MemUtil$MemUtilUnsafe
WARNING: sun.misc.Unsafe::objectFieldOffset will be removed in a future release
[06:07:33 WARN]: [LeafConfig] You have following experimental module(s) enabled: [MultithreadedTracker.enabled], please proceed with caution!
[06:07:33 INFO]: [LeafConfig] Successfully loaded config in 276ms.
[06:07:33 INFO]: [PluginInitializerManager] Initializing plugins...
[06:07:34 INFO]: [PluginInitializerManager] Initialized 7 plugins
[06:07:34 INFO]: [PluginInitializerManager] Paper plugins (1):
 - EscoPaperProbe (0.2.0)
[06:07:34 INFO]: [PluginInitializerManager] Bukkit plugins (6):
 - EscoBenchmark (0.3.0), EscoBukkitProbe (0.2.0), EscoCommunityProbe (0.2.0), LuckPerms (5.5.85), Vault (1.7.3-b131), WorldEdit (7.4.5+7590-b8dc4c1)
[06:07:37 INFO]: [ca.spottedleaf.dataconverter.minecraft.datatypes.MCTypeRegistry] Initialising converters for DataConverter...
[06:07:37 INFO]: Environment: Environment[sessionHost=https://sessionserver.mojang.com, servicesHost=https://api.minecraftservices.com, profilesHost=https://api.mojang.com, name=PROD]
[06:07:37 ERROR]: Failed to request yggdrasil public key
com.mojang.authlib.exceptions.MinecraftClientException: Failed to read from https://api.minecraftservices.com/publickeys due to api.minecraftservices.com
	at com.mojang.authlib.minecraft.client.MinecraftClient.readServiceResponse(MinecraftClient.java:151) ~[authlib-9.0.75.jar:?]
	at com.mojang.authlib.minecraft.client.MinecraftClient.getWithEtag(MinecraftClient.java:81) ~[authlib-9.0.75.jar:?]
	at com.mojang.authlib.minecraft.client.MinecraftClient.get(MinecraftClient.java:65) ~[authlib-9.0.75.jar:?]
	at com.mojang.authlib.yggdrasil.YggdrasilServicesKeyInfo.fetch(YggdrasilServicesKeyInfo.java:114) ~[authlib-9.0.75.jar:?]
	at com.mojang.authlib.yggdrasil.YggdrasilServicesKeyInfo$1.run(YggdrasilServicesKeyInfo.java:89) ~[authlib-9.0.75.jar:?]
	at java.base/java.util.concurrent.Executors$RunnableAdapter.call(Executors.java:545) ~[?:?]
	at java.base/java.util.concurrent.FutureTask.run(FutureTask.java:328) ~[?:?]
	at java.base/java.util.concurrent.ScheduledThreadPoolExecutor$ScheduledFutureTask.run(ScheduledThreadPoolExecutor.java:309) ~[?:?]
	at java.base/java.util.concurrent.ThreadPoolExecutor.runWorker(ThreadPoolExecutor.java:1090) ~[?:?]
	at java.base/java.util.concurrent.ThreadPoolExecutor$Worker.run(ThreadPoolExecutor.java:614) ~[?:?]
	at java.base/java.lang.Thread.run(Thread.java:1474) ~[?:?]
Caused by: java.net.UnknownHostException: api.minecraftservices.com
	at java.base/sun.nio.ch.NioSocketImpl.connect(NioSocketImpl.java:569) ~[?:?]
	at java.base/java.net.SocksSocketImpl.connect(SocksSocketImpl.java:284) ~[?:?]
	at java.base/java.net.Socket.connect(Socket.java:659) ~[?:?]
	at java.base/sun.security.ssl.SSLSocketImpl.connect(SSLSocketImpl.java:304) ~[?:?]
	at java.base/sun.net.NetworkClient.doConnect(NetworkClient.java:161) ~[?:?]
	at java.base/sun.net.www.http.HttpClient.openServer(HttpClient.java:524) ~[?:?]
	at java.base/sun.net.www.http.HttpClient.openServer(HttpClient.java:612) ~[?:?]
	at java.base/sun.net.www.protocol.https.HttpsClient.<init>(HttpsClient.java:207) ~[?:?]
	at java.base/sun.net.www.protocol.https.HttpsClient.New(HttpsClient.java:289) ~[?:?]
	at java.base/sun.net.www.protocol.https.AbstractDelegateHttpsURLConnection.getNewHttpClient(AbstractDelegateHttpsURLConnection.java:196) ~[?:?]
	at java.base/sun.net.www.protocol.http.HttpURLConnection.plainConnect0(HttpURLConnection.java:1011) ~[?:?]
	at java.base/sun.net.www.protocol.http.HttpURLConnection.plainConnect(HttpURLConnection.java:902) ~[?:?]
	at java.base/sun.net.www.protocol.http.HttpURLConnection.connect(HttpURLConnection.java:875) ~[?:?]
	at java.base/sun.net.www.protocol.https.AbstractDelegateHttpsURLConnection.connect(AbstractDelegateHttpsURLConnection.java:181) ~[?:?]
	at java.base/sun.net.www.protocol.http.HttpURLConnection.getInputStream0(HttpURLConnection.java:1379) ~[?:?]
	at java.base/sun.net.www.protocol.http.HttpURLConnection.getInputStream(HttpURLConnection.java:1305) ~[?:?]
	at java.base/java.net.HttpURLConnection.getResponseCode(HttpURLConnection.java:493) ~[?:?]
	at java.base/sun.net.www.protocol.https.HttpsURLConnectionImpl.getResponseCode(HttpsURLConnectionImpl.java:307) ~[?:?]
	at com.mojang.authlib.minecraft.client.MinecraftClient.readServiceResponse(MinecraftClient.java:130) ~[authlib-9.0.75.jar:?]
	... 10 more
[06:07:38 INFO]: [ca.spottedleaf.dataconverter.minecraft.datatypes.MCTypeRegistry] Finished initialising converters for DataConverter in 411.2ms
[06:07:38 INFO]: Found new data pack paper, loading it automatically
[06:07:38 INFO]: No existing world data, creating new world
[06:07:39 INFO]: Loaded 1585 recipes
[06:07:39 INFO]: Loaded 1688 advancements
[06:07:39 INFO]: Resource reload finished after 184 ms
[06:07:39 INFO]: RecipeManager took approximately 2 tasks/77 ms (1 tasks/77 ms preparing, 1 tasks/0 ms applying)
[06:07:39 INFO]: ServerFunctionLibrary took approximately 3 tasks/0 ms (2 tasks/0 ms preparing, 1 tasks/0 ms applying)
[06:07:39 INFO]: ServerAdvancementManager took approximately 2 tasks/178 ms (1 tasks/159 ms preparing, 1 tasks/19 ms applying)
[06:07:39 INFO]: Total blocking time: 19 ms
[06:07:39 INFO]: Starting minecraft server version 26.2
[06:07:39 WARN]: ****************************
[06:07:39 WARN]: YOU ARE RUNNING THIS SERVER AS AN ADMINISTRATIVE OR ROOT USER. THIS IS NOT ADVISED.
[06:07:39 WARN]: YOU ARE OPENING YOURSELF UP TO POTENTIAL RISKS WHEN DOING THIS.
[06:07:39 WARN]: FOR MORE INFORMATION, SEE https://madelinemiller.dev/blog/root-minecraft-server/
[06:07:39 WARN]: ****************************
[06:07:39 INFO]: Loading properties
[06:07:39 INFO]: This server is running Esco'S Fork version 26.2-DEV-escos-26.2@ccc7fdd (2026-09-22T06:05:08Z) (Implementing API version 26.2.local-SNAPSHOT)
[06:07:39 INFO]: [spark] This server bundles the spark profiler. For more information please visit https://docs.papermc.io/paper/profiling
[06:07:39 INFO]: Server Ping Player Sample Count: 12
[06:07:39 INFO]: Using 4 threads for Netty based IO
[06:07:40 INFO]: [MoonriseCommon] Paper is using 2 worker threads, 1 I/O threads
[06:07:40 INFO]: Default game type: SURVIVAL
[06:07:40 INFO]: Generating keypair
[06:07:40 INFO]: Starting Minecraft server on 127.0.0.1:0
[06:07:40 INFO]: Paper: Using libdeflate (Linux x86_64) compression from Velocity.
[06:07:40 INFO]: Paper: Using OpenSSL 3.x.x (Linux x86_64) cipher from Velocity.
[06:07:40 WARN]: [io.netty.util.internal.MacAddressUtil] Failed to find a usable hardware address from the network interfaces; using random bytes: f9:4c:b2:7d:55:33:ec:46
[06:07:41 INFO]: [LuckPerms] Loading server plugin LuckPerms v5.5.85
[06:07:58 INFO]: [LuckPerms] Loading configuration...
[06:07:58 INFO]: [Vault] Loading server plugin Vault v1.7.3-b131
[06:07:58 INFO]: [WorldEdit] Loading server plugin WorldEdit v7.4.5+7590-b8dc4c1
[06:07:59 INFO]: Got request to register class com.sk89q.worldedit.bukkit.BukkitServerInterface with WorldEdit [com.sk89q.worldedit.extension.platform.PlatformManager@f33b1c1]
[06:07:59 INFO]: [WorldEdit] Default configuration file written: config.yml
[06:07:59 INFO]: [EscoBenchmark] Loading server plugin EscoBenchmark v0.3.0
[06:07:59 INFO]: [EscoBukkitProbe] Loading server plugin EscoBukkitProbe v0.2.0
[06:07:59 INFO]: [EscoCommunityProbe] Loading server plugin EscoCommunityProbe v0.2.0
[06:07:59 INFO]: [EscoPaperProbe] Loading server plugin EscoPaperProbe v0.2.0
[06:07:59 INFO]: [LuckPerms] Enabling LuckPerms v5.5.85
[06:07:59 INFO]:         __    
[06:07:59 INFO]:   |    |__)   LuckPerms v5.5.85
[06:07:59 INFO]:   |___ |      Running on Bukkit - Esco'S Fork
[06:07:59 INFO]: 
[06:07:59 INFO]: [LuckPerms] Loading storage provider... [H2]
[06:07:59 INFO]: [LuckPerms] Loading internal permission managers...
[06:07:59 INFO]: [LuckPerms] Performing initial data load...
[06:07:59 INFO]: [LuckPerms] Successfully enabled. (took 821ms)
[06:07:59 INFO]: [Vault] Enabling Vault v1.7.3-b131
[06:07:59 INFO]: [Vault] [Permission] SuperPermissions loaded as backup permission system.
[06:07:59 INFO]: [Vault] Enabled Version 1.7.3-b131
[06:07:59 INFO]: [LuckPerms] Registered Vault permission & chat hook.
[06:07:59 INFO]: [WorldEdit] Enabling WorldEdit v7.4.5+7590-b8dc4c1
[06:07:59 INFO]: Registering commands with com.sk89q.worldedit.bukkit.BukkitServerInterface
[06:08:00 INFO]: WEPIF: Updated config file
[06:08:00 INFO]: WEPIF: Vault detected! Using Vault for permissions
[06:08:00 INFO]: Using com.sk89q.worldedit.bukkit.adapter.impl.v26_2.PaperweightAdapter as the Bukkit adapter
[06:08:00 WARN]: **** SERVER IS RUNNING IN OFFLINE/INSECURE MODE!
[06:08:00 WARN]: The server will make no attempt to authenticate usernames. Beware.
[06:08:00 WARN]: While this makes the game possible to play without internet access, it also opens up the ability for hackers to connect with any username they choose.
[06:08:00 WARN]: To change this, set "online-mode" to "true" in the server.properties file.
[06:08:00 INFO]: Preparing level "world"
[06:08:01 INFO]: Selecting spawn point for level 'minecraft:overworld'...
[06:08:01 INFO]: Selecting spawn point for level 'minecraft:the_nether'...
[06:08:02 INFO]: Loading 0 persistent chunks for level 'minecraft:overworld'...
[06:08:02 INFO]: Preparing spawn area: 100%
[06:08:02 INFO]: Prepared spawn area in 956 ms
[06:08:02 INFO]: Loading 0 persistent chunks for level 'minecraft:the_nether'...
[06:08:02 INFO]: Preparing spawn area: 100%
[06:08:02 INFO]: Prepared spawn area in 519 ms
[06:08:02 INFO]: Done preparing level "world" (1.531s)
[06:08:02 INFO]: [EscoBenchmark] Enabling EscoBenchmark v0.3.0
[06:08:02 INFO]: [EscoBukkitProbe] Enabling EscoBukkitProbe v0.2.0
[06:08:02 INFO]: [EscoCommunityProbe] Enabling EscoCommunityProbe v0.2.0
[06:08:02 INFO]: [EscoPaperProbe] Enabling EscoPaperProbe v0.2.0
[06:08:02 INFO]: [spark] The spark profiler will not be enabled because it is currently disabled in the configuration.
[06:08:02 INFO]: Saving chunks for level 'ServerLevel[world]'/minecraft:overworld
[06:08:02 INFO]: Saving chunks for level 'ServerLevel[world]'/minecraft:the_nether
[06:08:02 INFO]: ThreadedChunkStorage (world): All chunks are saved
[06:08:02 INFO]: ThreadedChunkStorage (DIM-1): All chunks are saved
[06:08:02 INFO]: ThreadedChunkStorage: All dimensions are saved
[06:08:02 INFO]: Running delayed init tasks
[06:08:02 INFO]: Done (29.626s)! For help, type "help"
[06:08:02 INFO]: *************************************************************************************
[06:08:02 INFO]: This is the first time you're starting this server.
[06:08:02 INFO]: It's recommended you read our 'Getting Started' documentation for guidance.
[06:08:02 INFO]: View this and more helpful information here: https://docs.papermc.io/paper/next-steps
[06:08:02 INFO]: *************************************************************************************
[06:08:02 INFO]: [Vault] Checking for Updates ... 
[06:08:04 INFO]: [EscoBenchmark] BENCH_READY mode=activation entities=2048 synthetic_player_positions=16
[06:08:05 INFO]: Selecting spawn point for level 'minecraft:compat_other'...
[06:08:05 INFO]: Loading 0 persistent chunks for level 'minecraft:compat_other'...
[06:08:05 INFO]: Preparing spawn area: 100%
[06:08:05 INFO]: Prepared spawn area in 29 ms
[06:08:05 WARN]: A manual (plugin-induced) save has been detected while server is configured to auto-save. This may affect performance.
[06:08:05 INFO]: [ChunkHolderManager] Waiting 60s for chunk system to halt for world 'minecraft:compat_other'
[06:08:05 INFO]: [ChunkHolderManager] Halted chunk system for world 'minecraft:compat_other'
[06:08:05 INFO]: [ChunkHolderManager] Saving all chunkholders for world 'minecraft:compat_other'
[06:08:06 INFO]: [ChunkHolderManager] Saved 528 block chunks, 0 entity chunks, 0 poi chunks in world 'minecraft:compat_other' in 0.08s
[06:08:06 INFO]: [ChunkHolderManager] Waiting 60s for chunk I/O to halt for world 'minecraft:compat_other'
[06:08:06 INFO]: [ChunkHolderManager] Halted I/O scheduler for world 'minecraft:compat_other'
[06:08:06 INFO]: Loading 0 persistent chunks for level 'minecraft:compat_other'...
[06:08:06 INFO]: Prepared spawn area in 0 ms
[06:08:06 INFO]: [EscoBukkitProbe] BUKKIT_PROBE_PASS checks=19
[06:08:07 INFO]: [Vault] There was an issue attempting to check for the latest version.
[06:08:07 INFO]: [Vault] No new version available
[06:08:07 INFO]: [EscoCommunityProbe] COMMUNITY_PROBE_PASS {LuckPerms=5.5.85, Vault=1.7.3-b131, WorldEdit=7.4.5+7590-b8dc4c1, vault_permission_bridge=true, worldedit_block_edit=true, luckperms_group_persistence=true, status=passed}
[06:08:10 INFO]: [EscoPaperProbe] PAPER_PROBE_PASS checks=1598
[06:08:19 INFO]: [EscoBenchmark] BENCH_COMPLETE activation mean_mspt=14.872415759999999
[06:08:19 INFO]: Stopping server
[06:08:19 INFO]: [EscoPaperProbe] Disabling EscoPaperProbe v0.2.0
[06:08:19 INFO]: [EscoCommunityProbe] Disabling EscoCommunityProbe v0.2.0
[06:08:19 INFO]: [EscoBukkitProbe] Disabling EscoBukkitProbe v0.2.0
[06:08:19 INFO]: [EscoBenchmark] Disabling EscoBenchmark v0.3.0
[06:08:19 INFO]: [WorldEdit] Disabling WorldEdit v7.4.5+7590-b8dc4c1
[06:08:19 INFO]: Unregistering com.sk89q.worldedit.bukkit.BukkitServerInterface from WorldEdit
[06:08:19 INFO]: [Vault] Disabling Vault v1.7.3-b131
[06:08:19 INFO]: [LuckPerms] Disabling LuckPerms v5.5.85
[06:08:19 INFO]: [LuckPerms] Starting shutdown process...
[06:08:19 INFO]: [LuckPerms] Closing storage...
[06:08:19 INFO]: [LuckPerms] Goodbye!
[06:08:19 INFO]: Saving players
[06:08:19 INFO]: Saving worlds
[06:08:19 INFO]: Saving chunks for level 'ServerLevel[world]'/minecraft:overworld
[06:08:19 INFO]: [ChunkHolderManager] Waiting 60s for chunk system to halt for world 'minecraft:overworld'
[06:08:19 INFO]: [ChunkHolderManager] Halted chunk system for world 'minecraft:overworld'
[06:08:19 INFO]: [ChunkHolderManager] Saving all chunkholders for world 'minecraft:overworld'
[06:08:19 INFO]: [ChunkHolderManager] Saved 1521 block chunks, 292 entity chunks, 8 poi chunks in world 'minecraft:overworld' in 0.25s
[06:08:19 INFO]: [ChunkHolderManager] Waiting 60s for chunk I/O to halt for world 'minecraft:overworld'
[06:08:19 INFO]: [ChunkHolderManager] Halted I/O scheduler for world 'minecraft:overworld'
[06:08:19 INFO]: Saving chunks for level 'ServerLevel[world]'/minecraft:the_nether
[06:08:19 INFO]: [ChunkHolderManager] Waiting 60s for chunk system to halt for world 'minecraft:the_nether'
[06:08:19 INFO]: [ChunkHolderManager] Halted chunk system for world 'minecraft:the_nether'
[06:08:19 INFO]: [ChunkHolderManager] Saving all chunkholders for world 'minecraft:the_nether'
[06:08:19 INFO]: [ChunkHolderManager] Saved 0 block chunks, 0 entity chunks, 0 poi chunks in world 'minecraft:the_nether' in 0.00s
[06:08:19 INFO]: [ChunkHolderManager] Waiting 60s for chunk I/O to halt for world 'minecraft:the_nether'
[06:08:19 INFO]: [ChunkHolderManager] Halted I/O scheduler for world 'minecraft:the_nether'
[06:08:19 INFO]: Saving chunks for level 'ServerLevel[world]'/minecraft:compat_other
[06:08:19 INFO]: [ChunkHolderManager] Waiting 60s for chunk system to halt for world 'minecraft:compat_other'
[06:08:19 INFO]: [ChunkHolderManager] Halted chunk system for world 'minecraft:compat_other'
[06:08:19 INFO]: [ChunkHolderManager] Saving all chunkholders for world 'minecraft:compat_other'
[06:08:19 INFO]: [ChunkHolderManager] Saved 0 block chunks, 0 entity chunks, 0 poi chunks in world 'minecraft:compat_other' in 0.00s
[06:08:19 INFO]: [ChunkHolderManager] Waiting 60s for chunk I/O to halt for world 'minecraft:compat_other'
[06:08:19 INFO]: [ChunkHolderManager] Halted I/O scheduler for world 'minecraft:compat_other'
[06:08:19 INFO]: ThreadedChunkStorage (world): All chunks are saved
[06:08:19 INFO]: ThreadedChunkStorage (DIM-1): All chunks are saved
[06:08:19 INFO]: ThreadedChunkStorage (compat_other): All chunks are saved
[06:08:19 INFO]: ThreadedChunkStorage: All dimensions are saved
[06:08:19 INFO]: Waiting for all RegionFile I/O tasks to complete...
[06:08:19 INFO]: All RegionFile I/O tasks to complete
[06:08:19 INFO]: [MoonriseCommon] Awaiting termination of worker pool for up to 60s...
[06:08:19 INFO]: [MoonriseCommon] Awaiting termination of I/O pool for up to 60s...
[06:08:19 INFO]: [Leaf] Waiting for mob spawning thread to shutdown...
[06:08:19 INFO]: [Leaf] Waiting for entity tracker executor to shutdown...
[06:08:19 INFO]: [Leaf] Waiting for mob pathfinding executor to shutdown...
