PASS stable distance values=2394245, potential contributions=709737, activation decisions=171342, caller-thread capture and worker failure barrier
{configured_workers=0, observed_workers=0, peak_parallel_workers=0, live_workers=0, peak_live_workers=0, active_workers=0, activation_buffer_grows=0, sort_buffer_grows=12, parallel_batches=0, worker_tasks=0, caller_compute_tasks=0, external_pool_entries=0, worker_wall_nanos_sum=0, activation_batches=0, activation_entities=0, activation_nanos=0, activation_verifications=0, activation_mismatches=0, poi_empty_searches=0, sensor_sorts=149, sensor_sorted_items=2393985, sensor_parallel_merge_passes=0, potential_buffer_grows=16, potential_queries=99, potential_points=828525}
PASS stable distance values=2394245, potential contributions=709737, activation decisions=171342, caller-thread capture and worker failure barrier
{configured_workers=1, observed_workers=1, peak_parallel_workers=1, live_workers=1, peak_live_workers=1, active_workers=0, activation_buffer_grows=0, sort_buffer_grows=12, parallel_batches=71, worker_tasks=71, caller_compute_tasks=71, external_pool_entries=71, worker_wall_nanos_sum=36938404, activation_batches=0, activation_entities=0, activation_nanos=0, activation_verifications=0, activation_mismatches=0, poi_empty_searches=0, sensor_sorts=149, sensor_sorted_items=2393985, sensor_parallel_merge_passes=0, potential_buffer_grows=16, potential_queries=99, potential_points=828525}
PASS stable distance values=2394245, potential contributions=709737, activation decisions=171342, caller-thread capture and worker failure barrier
{configured_workers=2, observed_workers=2, peak_parallel_workers=2, live_workers=2, peak_live_workers=2, active_workers=0, activation_buffer_grows=0, sort_buffer_grows=12, parallel_batches=131, worker_tasks=262, caller_compute_tasks=71, external_pool_entries=83, worker_wall_nanos_sum=129437719, activation_batches=0, activation_entities=0, activation_nanos=0, activation_verifications=0, activation_mismatches=0, poi_empty_searches=0, sensor_sorts=149, sensor_sorted_items=2393985, sensor_parallel_merge_passes=45, potential_buffer_grows=16, potential_queries=99, potential_points=828525}
PASS stable distance values=2394245, potential contributions=709737, activation decisions=171342, caller-thread capture and worker failure barrier
{configured_workers=4, observed_workers=4, peak_parallel_workers=4, live_workers=4, peak_live_workers=4, active_workers=0, activation_buffer_grows=0, sort_buffer_grows=12, parallel_batches=131, worker_tasks=524, caller_compute_tasks=71, external_pool_entries=83, worker_wall_nanos_sum=282052858, activation_batches=0, activation_entities=0, activation_nanos=0, activation_verifications=0, activation_mismatches=0, poi_empty_searches=0, sensor_sorts=149, sensor_sorted_items=2393985, sensor_parallel_merge_passes=45, potential_buffer_grows=16, potential_queries=99, potential_points=828525}
PASS stable distance values=2394245, potential contributions=709737, activation decisions=171342, caller-thread capture and worker failure barrier
{configured_workers=8, observed_workers=8, peak_parallel_workers=8, live_workers=8, peak_live_workers=8, active_workers=0, activation_buffer_grows=0, sort_buffer_grows=12, parallel_batches=131, worker_tasks=991, caller_compute_tasks=71, external_pool_entries=83, worker_wall_nanos_sum=429501319, activation_batches=0, activation_entities=0, activation_nanos=0, activation_verifications=0, activation_mismatches=0, poi_empty_searches=0, sensor_sorts=149, sensor_sorted_items=2393985, sensor_parallel_merge_passes=45, potential_buffer_grows=16, potential_queries=99, potential_points=828525}
PASS stable distance values=2394245, potential contributions=709737, activation decisions=171342, caller-thread capture and worker failure barrier
{configured_workers=16, observed_workers=16, peak_parallel_workers=16, live_workers=16, peak_live_workers=16, active_workers=0, activation_buffer_grows=0, sort_buffer_grows=12, parallel_batches=131, worker_tasks=1860, caller_compute_tasks=71, external_pool_entries=83, worker_wall_nanos_sum=484019869, activation_batches=0, activation_entities=0, activation_nanos=0, activation_verifications=0, activation_mismatches=0, poi_empty_searches=0, sensor_sorts=149, sensor_sorted_items=2393985, sensor_parallel_merge_passes=45, potential_buffer_grows=16, potential_queries=99, potential_points=828525}
PASS stable distance values=2394245, potential contributions=709737, activation decisions=171342, caller-thread capture and worker failure barrier
{configured_workers=32, observed_workers=32, peak_parallel_workers=32, live_workers=32, peak_live_workers=32, active_workers=0, activation_buffer_grows=0, sort_buffer_grows=12, parallel_batches=131, worker_tasks=3158, caller_compute_tasks=71, external_pool_entries=83, worker_wall_nanos_sum=658335076, activation_batches=0, activation_entities=0, activation_nanos=0, activation_verifications=0, activation_mismatches=0, poi_empty_searches=0, sensor_sorts=149, sensor_sorted_items=2393985, sensor_parallel_merge_passes=45, potential_buffer_grows=16, potential_queries=99, potential_points=828525}
PASS stable distance values=2394245, potential contributions=709737, activation decisions=171342, caller-thread capture and worker failure barrier
{configured_workers=64, observed_workers=64, peak_parallel_workers=64, live_workers=64, peak_live_workers=64, active_workers=0, activation_buffer_grows=0, sort_buffer_grows=12, parallel_batches=131, worker_tasks=3545, caller_compute_tasks=71, external_pool_entries=83, worker_wall_nanos_sum=1342575358, activation_batches=0, activation_entities=0, activation_nanos=0, activation_verifications=0, activation_mismatches=0, poi_empty_searches=0, sensor_sorts=149, sensor_sorted_items=2393985, sensor_parallel_merge_passes=45, potential_buffer_grows=16, potential_queries=99, potential_points=828525}
PASS stable distance values=2394245, potential contributions=709737, activation decisions=171342, caller-thread capture and worker failure barrier
{configured_workers=7, observed_workers=7, peak_parallel_workers=7, live_workers=7, peak_live_workers=7, active_workers=0, activation_buffer_grows=0, sort_buffer_grows=12, parallel_batches=131, worker_tasks=877, caller_compute_tasks=71, external_pool_entries=83, worker_wall_nanos_sum=413340773, activation_batches=0, activation_entities=0, activation_nanos=0, activation_verifications=0, activation_mismatches=0, poi_empty_searches=0, sensor_sorts=149, sensor_sorted_items=2393985, sensor_parallel_merge_passes=45, potential_buffer_grows=16, potential_queries=99, potential_points=828525}
PASS stable distance values=2394245, potential contributions=709737, activation decisions=171342, caller-thread capture and worker failure barrier
{configured_workers=9, observed_workers=9, peak_parallel_workers=9, live_workers=9, peak_live_workers=9, active_workers=0, activation_buffer_grows=0, sort_buffer_grows=12, parallel_batches=131, worker_tasks=1104, caller_compute_tasks=71, external_pool_entries=83, worker_wall_nanos_sum=290941914, activation_batches=0, activation_entities=0, activation_nanos=0, activation_verifications=0, activation_mismatches=0, poi_empty_searches=0, sensor_sorts=149, sensor_sorted_items=2393985, sensor_parallel_merge_passes=45, potential_buffer_grows=16, potential_queries=99, potential_points=828525}
PASS rejected workers=-2
PASS rejected workers=32768
PASS rejected workers=4.5
PASS rejected workers=abc
PASS auto processors=1 -> workers=0
PASS auto processors=2 -> workers=0
PASS auto processors=8 -> workers=6
PASS auto processors=16 -> workers=14
PASS auto processors=64 -> workers=62
