PASS stable distance values=2052210, potential contributions=709737, activation decisions=189357, caller-thread capture and worker failure barrier
{configured_workers=0, observed_workers=0, peak_parallel_workers=0, live_workers=0, peak_live_workers=0, active_workers=0, activation_buffer_grows=0, sort_buffer_grows=12, parallel_batches=0, worker_tasks=0, caller_compute_tasks=0, external_pool_entries=0, worker_wall_nanos_sum=0, activation_batches=0, activation_entities=0, activation_nanos=0, activation_verifications=0, activation_mismatches=0, poi_empty_searches=0, sensor_sorts=128, sensor_sorted_items=2052016, sensor_parallel_merge_passes=0, potential_buffer_grows=16, potential_queries=99, potential_points=828525}
PASS stable distance values=2052210, potential contributions=709737, activation decisions=189357, caller-thread capture and worker failure barrier
{configured_workers=1, observed_workers=1, peak_parallel_workers=1, live_workers=1, peak_live_workers=1, active_workers=0, activation_buffer_grows=0, sort_buffer_grows=12, parallel_batches=94, worker_tasks=94, caller_compute_tasks=94, external_pool_entries=94, worker_wall_nanos_sum=28935891, activation_batches=0, activation_entities=0, activation_nanos=0, activation_verifications=0, activation_mismatches=0, poi_empty_searches=0, sensor_sorts=128, sensor_sorted_items=2052016, sensor_parallel_merge_passes=108, potential_buffer_grows=16, potential_queries=99, potential_points=828525}
PASS stable distance values=2052210, potential contributions=709737, activation decisions=189357, caller-thread capture and worker failure barrier
{configured_workers=2, observed_workers=2, peak_parallel_workers=2, live_workers=2, peak_live_workers=2, active_workers=0, activation_buffer_grows=0, sort_buffer_grows=12, parallel_batches=243, worker_tasks=475, caller_compute_tasks=94, external_pool_entries=132, worker_wall_nanos_sum=147356712, activation_batches=0, activation_entities=0, activation_nanos=0, activation_verifications=0, activation_mismatches=0, poi_empty_searches=0, sensor_sorts=128, sensor_sorted_items=2052016, sensor_parallel_merge_passes=108, potential_buffer_grows=16, potential_queries=99, potential_points=828525}
PASS stable distance values=2052210, potential contributions=709737, activation decisions=189357, caller-thread capture and worker failure barrier
{configured_workers=4, observed_workers=4, peak_parallel_workers=4, live_workers=4, peak_live_workers=4, active_workers=0, activation_buffer_grows=0, sort_buffer_grows=12, parallel_batches=243, worker_tasks=915, caller_compute_tasks=94, external_pool_entries=132, worker_wall_nanos_sum=202913079, activation_batches=0, activation_entities=0, activation_nanos=0, activation_verifications=0, activation_mismatches=0, poi_empty_searches=0, sensor_sorts=128, sensor_sorted_items=2052016, sensor_parallel_merge_passes=108, potential_buffer_grows=16, potential_queries=99, potential_points=828525}
PASS stable distance values=2052210, potential contributions=709737, activation decisions=189357, caller-thread capture and worker failure barrier
{configured_workers=8, observed_workers=8, peak_parallel_workers=8, live_workers=8, peak_live_workers=8, active_workers=0, activation_buffer_grows=0, sort_buffer_grows=12, parallel_batches=243, worker_tasks=1670, caller_compute_tasks=94, external_pool_entries=132, worker_wall_nanos_sum=329938484, activation_batches=0, activation_entities=0, activation_nanos=0, activation_verifications=0, activation_mismatches=0, poi_empty_searches=0, sensor_sorts=128, sensor_sorted_items=2052016, sensor_parallel_merge_passes=108, potential_buffer_grows=16, potential_queries=99, potential_points=828525}
PASS stable distance values=2052210, potential contributions=709737, activation decisions=189357, caller-thread capture and worker failure barrier
{configured_workers=16, observed_workers=16, peak_parallel_workers=16, live_workers=16, peak_live_workers=16, active_workers=0, activation_buffer_grows=0, sort_buffer_grows=12, parallel_batches=243, worker_tasks=2855, caller_compute_tasks=94, external_pool_entries=132, worker_wall_nanos_sum=274808488, activation_batches=0, activation_entities=0, activation_nanos=0, activation_verifications=0, activation_mismatches=0, poi_empty_searches=0, sensor_sorts=128, sensor_sorted_items=2052016, sensor_parallel_merge_passes=108, potential_buffer_grows=16, potential_queries=99, potential_points=828525}
PASS stable distance values=2052210, potential contributions=709737, activation decisions=189357, caller-thread capture and worker failure barrier
{configured_workers=32, observed_workers=32, peak_parallel_workers=32, live_workers=32, peak_live_workers=32, active_workers=0, activation_buffer_grows=0, sort_buffer_grows=12, parallel_batches=243, worker_tasks=4444, caller_compute_tasks=94, external_pool_entries=132, worker_wall_nanos_sum=712677332, activation_batches=0, activation_entities=0, activation_nanos=0, activation_verifications=0, activation_mismatches=0, poi_empty_searches=0, sensor_sorts=128, sensor_sorted_items=2052016, sensor_parallel_merge_passes=108, potential_buffer_grows=16, potential_queries=99, potential_points=828525}
PASS stable distance values=2052210, potential contributions=709737, activation decisions=189357, caller-thread capture and worker failure barrier
{configured_workers=64, observed_workers=64, peak_parallel_workers=64, live_workers=64, peak_live_workers=64, active_workers=0, activation_buffer_grows=0, sort_buffer_grows=12, parallel_batches=243, worker_tasks=4881, caller_compute_tasks=94, external_pool_entries=132, worker_wall_nanos_sum=5135120976, activation_batches=0, activation_entities=0, activation_nanos=0, activation_verifications=0, activation_mismatches=0, poi_empty_searches=0, sensor_sorts=128, sensor_sorted_items=2052016, sensor_parallel_merge_passes=108, potential_buffer_grows=16, potential_queries=99, potential_points=828525}
PASS stable distance values=2052210, potential contributions=709737, activation decisions=189357, caller-thread capture and worker failure barrier
{configured_workers=7, observed_workers=7, peak_parallel_workers=7, live_workers=7, peak_live_workers=7, active_workers=0, activation_buffer_grows=0, sort_buffer_grows=12, parallel_batches=243, worker_tasks=1486, caller_compute_tasks=94, external_pool_entries=132, worker_wall_nanos_sum=221744728, activation_batches=0, activation_entities=0, activation_nanos=0, activation_verifications=0, activation_mismatches=0, poi_empty_searches=0, sensor_sorts=128, sensor_sorted_items=2052016, sensor_parallel_merge_passes=108, potential_buffer_grows=16, potential_queries=99, potential_points=828525}
PASS stable distance values=2052210, potential contributions=709737, activation decisions=189357, caller-thread capture and worker failure barrier
{configured_workers=9, observed_workers=9, peak_parallel_workers=9, live_workers=9, peak_live_workers=9, active_workers=0, activation_buffer_grows=0, sort_buffer_grows=12, parallel_batches=243, worker_tasks=1837, caller_compute_tasks=94, external_pool_entries=132, worker_wall_nanos_sum=320400444, activation_batches=0, activation_entities=0, activation_nanos=0, activation_verifications=0, activation_mismatches=0, poi_empty_searches=0, sensor_sorts=128, sensor_sorted_items=2052016, sensor_parallel_merge_passes=108, potential_buffer_grows=16, potential_queries=99, potential_points=828525}
PASS rejected workers=-2
PASS rejected workers=32768
PASS rejected workers=4.5
PASS rejected workers=abc
PASS auto processors=1 -> workers=0
PASS auto processors=2 -> workers=0
PASS auto processors=8 -> workers=6
PASS auto processors=16 -> workers=14
PASS auto processors=64 -> workers=62
