openjdk version "25.0.4.1" 2026-08-18 LTS
OpenJDK Runtime Environment Temurin-25.0.4.1+1 (build 25.0.4.1+1-LTS)
OpenJDK 64-Bit Server VM Temurin-25.0.4.1+1 (build 25.0.4.1+1-LTS, mixed mode, sharing)
Picked up JAVA_TOOL_OPTIONS: "-Djava.io.tmpdir=/local-build/release-build/.esco-build-tmp"
To honour the JVM settings for this build a single-use Daemon process will be forked. For more on this, please refer to https://docs.gradle.org/9.4.1/userguide/gradle_daemon.html#sec:disabling_the_daemon in the Gradle documentation.
Daemon will be stopped at the end of the build 
Calculating task graph as configuration cache cannot be reused because the file system entry 'leaf-server/build/libs/leaf-paperclip-26.2.local-SNAPSHOT.jar-250944431' has been created.

> Configure project :
paperweight-patcher v2.0.0-beta.21 (running on 'Linux')

> Configure project :leaf-server
paperweight-core v2.0.0-beta.21 (running on 'Linux')

> Task :leaf-api:generateApiVersioningFile UP-TO-DATE
> Task :leaf-server:copyLicense UP-TO-DATE
> Task :leaf-api:processResources NO-SOURCE
> Task :leaf-server:processLog4jPluginsResources NO-SOURCE
> Task :leaf-server:processResources UP-TO-DATE
> Task :leaf-api:compileJava UP-TO-DATE
> Task :leaf-api:classes UP-TO-DATE
> Task :leaf-api:jar UP-TO-DATE
> Task :leaf-server:compileLog4jPluginsJava UP-TO-DATE
> Task :leaf-server:log4jPluginsClasses UP-TO-DATE
> Task :leaf-server:compileJava UP-TO-DATE
> Task :leaf-server:classes UP-TO-DATE
> Task :leaf-server:jar
> Task :leaf-server:downloadMcManifest
> Task :leaf-server:downloadMcVersionManifest UP-TO-DATE
> Task :leaf-server:downloadServerJar UP-TO-DATE
> Task :leaf-server:extractFromBundler UP-TO-DATE
> Task :leaf-server:createBundlerJar
> Task :leaf-server:createPaperclipJar

BUILD SUCCESSFUL in 1m 27s
14 actionable tasks: 4 executed, 10 up-to-date
Configuration cache entry stored.
Built /local-build/release-build/dist/escos-fork-26.2-0.7.0.jar
