Applying patches
Starting org.bukkit.craftbukkit.Main
[05:55:43 INFO]: [bootstrap] Running Java 25 (OpenJDK 64-Bit Server VM 25.0.4.1+1-LTS; Eclipse Adoptium Temurin-25.0.4.1+1) on Linux 6.18.44 (amd64)
[05:55:43 INFO]: [bootstrap] Loading Leaf 26.2-118-ver/26.2@4b38592 (2026-09-20T04:42:00Z) for Minecraft 26.2
[05:55:43 INFO]: [LeafConfig] Loading config...
[05:55:43 INFO]: [LeafConfig] Using 4 threads for Async Pathfinding
[05:55:43 INFO]: [LeafConfig] Using 4 threads for Async Entity Tracker
WARNING: A terminally deprecated method in sun.misc.Unsafe has been called
WARNING: sun.misc.Unsafe::objectFieldOffset has been called by org.joml.MemUtil$MemUtilUnsafe (file:/local-build/runs/compat-leaf-final/libraries/org/joml/joml/1.10.8/joml-1.10.8.jar)
WARNING: Please consider reporting this to the maintainers of class org.joml.MemUtil$MemUtilUnsafe
WARNING: sun.misc.Unsafe::objectFieldOffset will be removed in a future release
[05:55:44 WARN]: [LeafConfig] You have following experimental module(s) enabled: [MultithreadedTracker.enabled], please proceed with caution!
[05:55:44 INFO]: [LeafConfig] Successfully loaded config in 424ms.
[05:55:44 INFO]: [PluginInitializerManager] Initializing plugins...
[05:55:44 INFO]: [PluginInitializerManager] Initialized 7 plugins
[05:55:44 INFO]: [PluginInitializerManager] Paper plugins (1):
 - EscoPaperProbe (0.2.0)
[05:55:44 INFO]: [PluginInitializerManager] Bukkit plugins (6):
 - EscoBenchmark (0.3.0), EscoBukkitProbe (0.2.0), EscoCommunityProbe (0.2.0), LuckPerms (5.5.85), Vault (1.7.3-b131), WorldEdit (7.4.5+7590-b8dc4c1)
[05:55:49 INFO]: [ca.spottedleaf.dataconverter.minecraft.datatypes.MCTypeRegistry] Initialising converters for DataConverter...
[05:55:50 INFO]: Environment: Environment[sessionHost=https://sessionserver.mojang.com, servicesHost=https://api.minecraftservices.com, profilesHost=https://api.mojang.com, name=PROD]
[05:55:50 ERROR]: Failed to request yggdrasil public key
com.mojang.authlib.exceptions.MinecraftClientException: Failed to read from https://api.minecraftservices.com/publickeys due to api.minecraftservices.com
	at com.mojang.authlib.minecraft.client.MinecraftClient.readServiceResponse(MinecraftClient.java:151) ~[authlib-9.0.75.jar:?]
	at com.mojang.authlib.minecraft.client.MinecraftClient.getWithEtag(MinecraftClient.java:81) ~[authlib-9.0.75.jar:?]
	at com.mojang.authlib.minecraft.client.MinecraftClient.get(MinecraftClient.java:65) ~[authlib-9.0.75.jar:?]
	at com.mojang.authlib.yggdrasil.YggdrasilServicesKeyInfo.fetch(YggdrasilServicesKeyInfo.java:114) ~[authlib-9.0.75.jar:?]
	at com.mojang.authlib.yggdrasil.YggdrasilServicesKeyInfo$1.run(YggdrasilServicesKeyInfo.java:89) ~[authlib-9.0.75.jar:?]
	at java.base/java.util.concurrent.Executors$RunnableAdapter.call(Executors.java:545) ~[?:?]
	at java.base/java.util.concurrent.FutureTask.run(FutureTask.java:328) ~[?:?]
	at java.base/java.util.concurrent.ScheduledThreadPoolExecutor$ScheduledFutureTask.run(ScheduledThreadPoolExecutor.java:309) ~[?:?]
	at java.base/java.util.concurrent.ThreadPoolExecutor.runWorker(ThreadPoolExecutor.java:1090) ~[?:?]
	at java.base/java.util.concurrent.ThreadPoolExecutor$Worker.run(ThreadPoolExecutor.java:614) ~[?:?]
	at java.base/java.lang.Thread.run(Thread.java:1474) ~[?:?]
Caused by: java.net.UnknownHostException: api.minecraftservices.com
	at java.base/sun.nio.ch.NioSocketImpl.connect(NioSocketImpl.java:569) ~[?:?]
	at java.base/java.net.SocksSocketImpl.connect(SocksSocketImpl.java:284) ~[?:?]
	at java.base/java.net.Socket.connect(Socket.java:659) ~[?:?]
	at java.base/sun.security.ssl.SSLSocketImpl.connect(SSLSocketImpl.java:304) ~[?:?]
	at java.base/sun.net.NetworkClient.doConnect(NetworkClient.java:161) ~[?:?]
	at java.base/sun.net.www.http.HttpClient.openServer(HttpClient.java:524) ~[?:?]
	at java.base/sun.net.www.http.HttpClient.openServer(HttpClient.java:612) ~[?:?]
	at java.base/sun.net.www.protocol.https.HttpsClient.<init>(HttpsClient.java:207) ~[?:?]
	at java.base/sun.net.www.protocol.https.HttpsClient.New(HttpsClient.java:289) ~[?:?]
	at java.base/sun.net.www.protocol.https.AbstractDelegateHttpsURLConnection.getNewHttpClient(AbstractDelegateHttpsURLConnection.java:196) ~[?:?]
	at java.base/sun.net.www.protocol.http.HttpURLConnection.plainConnect0(HttpURLConnection.java:1011) ~[?:?]
	at java.base/sun.net.www.protocol.http.HttpURLConnection.plainConnect(HttpURLConnection.java:902) ~[?:?]
	at java.base/sun.net.www.protocol.http.HttpURLConnection.connect(HttpURLConnection.java:875) ~[?:?]
	at java.base/sun.net.www.protocol.https.AbstractDelegateHttpsURLConnection.connect(AbstractDelegateHttpsURLConnection.java:181) ~[?:?]
	at java.base/sun.net.www.protocol.http.HttpURLConnection.getInputStream0(HttpURLConnection.java:1379) ~[?:?]
	at java.base/sun.net.www.protocol.http.HttpURLConnection.getInputStream(HttpURLConnection.java:1305) ~[?:?]
	at java.base/java.net.HttpURLConnection.getResponseCode(HttpURLConnection.java:493) ~[?:?]
	at java.base/sun.net.www.protocol.https.HttpsURLConnectionImpl.getResponseCode(HttpsURLConnectionImpl.java:307) ~[?:?]
	at com.mojang.authlib.minecraft.client.MinecraftClient.readServiceResponse(MinecraftClient.java:130) ~[authlib-9.0.75.jar:?]
	... 10 more
[05:55:50 INFO]: [ca.spottedleaf.dataconverter.minecraft.datatypes.MCTypeRegistry] Finished initialising converters for DataConverter in 400.4ms
[05:55:50 INFO]: Found new data pack paper, loading it automatically
[05:55:50 INFO]: No existing world data, creating new world
[05:55:51 INFO]: Loaded 1585 recipes
[05:55:51 INFO]: Loaded 1688 advancements
[05:55:51 INFO]: Resource reload finished after 180 ms
[05:55:51 INFO]: RecipeManager took approximately 2 tasks/83 ms (1 tasks/82 ms preparing, 1 tasks/1 ms applying)
[05:55:51 INFO]: ServerFunctionLibrary took approximately 3 tasks/0 ms (2 tasks/0 ms preparing, 1 tasks/0 ms applying)
[05:55:51 INFO]: ServerAdvancementManager took approximately 2 tasks/173 ms (1 tasks/159 ms preparing, 1 tasks/14 ms applying)
[05:55:51 INFO]: Total blocking time: 15 ms
[05:55:51 INFO]: Starting minecraft server version 26.2
[05:55:51 WARN]: ****************************
[05:55:51 WARN]: YOU ARE RUNNING THIS SERVER AS AN ADMINISTRATIVE OR ROOT USER. THIS IS NOT ADVISED.
[05:55:51 WARN]: YOU ARE OPENING YOURSELF UP TO POTENTIAL RISKS WHEN DOING THIS.
[05:55:51 WARN]: FOR MORE INFORMATION, SEE https://madelinemiller.dev/blog/root-minecraft-server/
[05:55:51 WARN]: ****************************
[05:55:51 INFO]: Loading properties
[05:55:51 INFO]: This server is running Leaf version 26.2-118-ver/26.2@4b38592 (2026-09-20T04:42:00Z) (Implementing API version 26.2.build.118-alpha)
[05:55:51 INFO]: [spark] This server bundles the spark profiler. For more information please visit https://docs.papermc.io/paper/profiling
[05:55:52 INFO]: Server Ping Player Sample Count: 12
[05:55:52 INFO]: Using 4 threads for Netty based IO
[05:55:52 INFO]: [MoonriseCommon] Paper is using 2 worker threads, 1 I/O threads
[05:55:52 INFO]: Default game type: SURVIVAL
[05:55:52 INFO]: Generating keypair
[05:55:52 INFO]: Starting Minecraft server on 127.0.0.1:0
[05:55:52 INFO]: Paper: Using libdeflate (Linux x86_64) compression from Velocity.
[05:55:52 INFO]: Paper: Using OpenSSL 3.x.x (Linux x86_64) cipher from Velocity.
[05:55:52 WARN]: [io.netty.util.internal.MacAddressUtil] Failed to find a usable hardware address from the network interfaces; using random bytes: 33:77:04:9b:7e:7b:6a:61
[05:55:52 INFO]: [LuckPerms] Loading server plugin LuckPerms v5.5.85
[05:56:10 INFO]: [LuckPerms] Loading configuration...
[05:56:10 INFO]: [Vault] Loading server plugin Vault v1.7.3-b131
[05:56:10 INFO]: [WorldEdit] Loading server plugin WorldEdit v7.4.5+7590-b8dc4c1
[05:56:11 INFO]: Got request to register class com.sk89q.worldedit.bukkit.BukkitServerInterface with WorldEdit [com.sk89q.worldedit.extension.platform.PlatformManager@1d4ab369]
[05:56:11 INFO]: [WorldEdit] Default configuration file written: config.yml
[05:56:11 INFO]: [EscoBenchmark] Loading server plugin EscoBenchmark v0.3.0
[05:56:11 INFO]: [EscoBukkitProbe] Loading server plugin EscoBukkitProbe v0.2.0
[05:56:11 INFO]: [EscoCommunityProbe] Loading server plugin EscoCommunityProbe v0.2.0
[05:56:11 INFO]: [EscoPaperProbe] Loading server plugin EscoPaperProbe v0.2.0
[05:56:11 INFO]: [LuckPerms] Enabling LuckPerms v5.5.85
[05:56:11 INFO]:         __    
[05:56:11 INFO]:   |    |__)   LuckPerms v5.5.85
[05:56:11 INFO]:   |___ |      Running on Bukkit - Leaf
[05:56:11 INFO]: 
[05:56:11 INFO]: [LuckPerms] Loading storage provider... [H2]
[05:56:12 INFO]: [LuckPerms] Loading internal permission managers...
[05:56:12 INFO]: [LuckPerms] Performing initial data load...
[05:56:12 INFO]: [LuckPerms] Successfully enabled. (took 771ms)
[05:56:12 INFO]: [Vault] Enabling Vault v1.7.3-b131
[05:56:12 INFO]: [Vault] [Permission] SuperPermissions loaded as backup permission system.
[05:56:12 INFO]: [Vault] Enabled Version 1.7.3-b131
[05:56:12 INFO]: [LuckPerms] Registered Vault permission & chat hook.
[05:56:12 INFO]: [WorldEdit] Enabling WorldEdit v7.4.5+7590-b8dc4c1
[05:56:12 INFO]: Registering commands with com.sk89q.worldedit.bukkit.BukkitServerInterface
[05:56:12 INFO]: WEPIF: Updated config file
[05:56:12 INFO]: WEPIF: Vault detected! Using Vault for permissions
[05:56:12 INFO]: Using com.sk89q.worldedit.bukkit.adapter.impl.v26_2.PaperweightAdapter as the Bukkit adapter
[05:56:12 WARN]: **** SERVER IS RUNNING IN OFFLINE/INSECURE MODE!
[05:56:12 WARN]: The server will make no attempt to authenticate usernames. Beware.
[05:56:12 WARN]: While this makes the game possible to play without internet access, it also opens up the ability for hackers to connect with any username they choose.
[05:56:12 WARN]: To change this, set "online-mode" to "true" in the server.properties file.
[05:56:12 INFO]: Preparing level "world"
[05:56:13 INFO]: Selecting spawn point for level 'minecraft:overworld'...
[05:56:13 INFO]: Selecting spawn point for level 'minecraft:the_nether'...
[05:56:14 INFO]: Loading 0 persistent chunks for level 'minecraft:overworld'...
[05:56:14 INFO]: Preparing spawn area: 100%
[05:56:14 INFO]: Prepared spawn area in 1061 ms
[05:56:14 INFO]: Loading 0 persistent chunks for level 'minecraft:the_nether'...
[05:56:14 INFO]: Preparing spawn area: 100%
[05:56:14 INFO]: Prepared spawn area in 589 ms
[05:56:14 INFO]: Done preparing level "world" (1.597s)
[05:56:14 INFO]: [EscoBenchmark] Enabling EscoBenchmark v0.3.0
[05:56:14 INFO]: [EscoBukkitProbe] Enabling EscoBukkitProbe v0.2.0
[05:56:14 INFO]: [EscoCommunityProbe] Enabling EscoCommunityProbe v0.2.0
[05:56:14 INFO]: [EscoPaperProbe] Enabling EscoPaperProbe v0.2.0
[05:56:14 INFO]: [spark] The spark profiler will not be enabled because it is currently disabled in the configuration.
[05:56:14 INFO]: Saving chunks for level 'ServerLevel[world]'/minecraft:overworld
[05:56:14 INFO]: Saving chunks for level 'ServerLevel[world]'/minecraft:the_nether
[05:56:14 INFO]: ThreadedChunkStorage (world): All chunks are saved
[05:56:14 INFO]: ThreadedChunkStorage (DIM-1): All chunks are saved
[05:56:14 INFO]: ThreadedChunkStorage: All dimensions are saved
[05:56:14 INFO]: Running delayed init tasks
[05:56:14 INFO]: Done (31.664s)! For help, type "help"
[05:56:14 INFO]: *************************************************************************************
[05:56:14 INFO]: This is the first time you're starting this server.
[05:56:14 INFO]: It's recommended you read our 'Getting Started' documentation for guidance.
[05:56:14 INFO]: View this and more helpful information here: https://docs.papermc.io/paper/next-steps
[05:56:14 INFO]: *************************************************************************************
[05:56:14 INFO]: [Vault] Checking for Updates ... 
[05:56:16 INFO]: [EscoBenchmark] BENCH_READY mode=activation entities=2048 synthetic_player_positions=16
[05:56:18 INFO]: Selecting spawn point for level 'minecraft:compat_other'...
[05:56:18 INFO]: Loading 0 persistent chunks for level 'minecraft:compat_other'...
[05:56:18 INFO]: Preparing spawn area: 100%
[05:56:18 INFO]: Prepared spawn area in 21 ms
[05:56:18 WARN]: A manual (plugin-induced) save has been detected while server is configured to auto-save. This may affect performance.
[05:56:18 INFO]: [ChunkHolderManager] Waiting 60s for chunk system to halt for world 'minecraft:compat_other'
[05:56:18 INFO]: [ChunkHolderManager] Halted chunk system for world 'minecraft:compat_other'
[05:56:18 INFO]: [ChunkHolderManager] Saving all chunkholders for world 'minecraft:compat_other'
[05:56:18 INFO]: [ChunkHolderManager] Saved 528 block chunks, 0 entity chunks, 0 poi chunks in world 'minecraft:compat_other' in 0.09s
[05:56:18 INFO]: [ChunkHolderManager] Waiting 60s for chunk I/O to halt for world 'minecraft:compat_other'
[05:56:18 INFO]: [ChunkHolderManager] Halted I/O scheduler for world 'minecraft:compat_other'
[05:56:18 INFO]: Loading 0 persistent chunks for level 'minecraft:compat_other'...
[05:56:18 INFO]: Prepared spawn area in 0 ms
[05:56:18 INFO]: [EscoBukkitProbe] BUKKIT_PROBE_PASS checks=19
[05:56:19 INFO]: [Vault] There was an issue attempting to check for the latest version.
[05:56:19 INFO]: [Vault] No new version available
[05:56:20 INFO]: [EscoCommunityProbe] COMMUNITY_PROBE_PASS {LuckPerms=5.5.85, Vault=1.7.3-b131, WorldEdit=7.4.5+7590-b8dc4c1, vault_permission_bridge=true, worldedit_block_edit=true, luckperms_group_persistence=true, status=passed}
[05:56:22 INFO]: [EscoPaperProbe] PAPER_PROBE_PASS checks=1598
[05:56:31 INFO]: [EscoBenchmark] BENCH_COMPLETE activation mean_mspt=15.56346785
[05:56:31 INFO]: Stopping server
[05:56:31 INFO]: [EscoPaperProbe] Disabling EscoPaperProbe v0.2.0
[05:56:31 INFO]: [EscoCommunityProbe] Disabling EscoCommunityProbe v0.2.0
[05:56:31 INFO]: [EscoBukkitProbe] Disabling EscoBukkitProbe v0.2.0
[05:56:31 INFO]: [EscoBenchmark] Disabling EscoBenchmark v0.3.0
[05:56:31 INFO]: [WorldEdit] Disabling WorldEdit v7.4.5+7590-b8dc4c1
[05:56:31 INFO]: Unregistering com.sk89q.worldedit.bukkit.BukkitServerInterface from WorldEdit
[05:56:31 INFO]: [Vault] Disabling Vault v1.7.3-b131
[05:56:31 INFO]: [LuckPerms] Disabling LuckPerms v5.5.85
[05:56:31 INFO]: [LuckPerms] Starting shutdown process...
[05:56:31 INFO]: [LuckPerms] Closing storage...
[05:56:31 INFO]: [LuckPerms] Goodbye!
[05:56:31 INFO]: Saving players
[05:56:31 INFO]: Saving worlds
[05:56:31 INFO]: Saving chunks for level 'ServerLevel[world]'/minecraft:overworld
[05:56:31 INFO]: [ChunkHolderManager] Waiting 60s for chunk system to halt for world 'minecraft:overworld'
[05:56:31 INFO]: [ChunkHolderManager] Halted chunk system for world 'minecraft:overworld'
[05:56:31 INFO]: [ChunkHolderManager] Saving all chunkholders for world 'minecraft:overworld'
[05:56:32 INFO]: [ChunkHolderManager] Saved 1521 block chunks, 292 entity chunks, 8 poi chunks in world 'minecraft:overworld' in 0.16s
[05:56:32 INFO]: [ChunkHolderManager] Waiting 60s for chunk I/O to halt for world 'minecraft:overworld'
[05:56:32 INFO]: [ChunkHolderManager] Halted I/O scheduler for world 'minecraft:overworld'
[05:56:32 INFO]: Saving chunks for level 'ServerLevel[world]'/minecraft:the_nether
[05:56:32 INFO]: [ChunkHolderManager] Waiting 60s for chunk system to halt for world 'minecraft:the_nether'
[05:56:32 INFO]: [ChunkHolderManager] Halted chunk system for world 'minecraft:the_nether'
[05:56:32 INFO]: [ChunkHolderManager] Saving all chunkholders for world 'minecraft:the_nether'
[05:56:32 INFO]: [ChunkHolderManager] Saved 0 block chunks, 0 entity chunks, 0 poi chunks in world 'minecraft:the_nether' in 0.00s
[05:56:32 INFO]: [ChunkHolderManager] Waiting 60s for chunk I/O to halt for world 'minecraft:the_nether'
[05:56:32 INFO]: [ChunkHolderManager] Halted I/O scheduler for world 'minecraft:the_nether'
[05:56:32 INFO]: Saving chunks for level 'ServerLevel[world]'/minecraft:compat_other
[05:56:32 INFO]: [ChunkHolderManager] Waiting 60s for chunk system to halt for world 'minecraft:compat_other'
[05:56:32 INFO]: [ChunkHolderManager] Halted chunk system for world 'minecraft:compat_other'
[05:56:32 INFO]: [ChunkHolderManager] Saving all chunkholders for world 'minecraft:compat_other'
[05:56:32 INFO]: [ChunkHolderManager] Saved 0 block chunks, 0 entity chunks, 0 poi chunks in world 'minecraft:compat_other' in 0.00s
[05:56:32 INFO]: [ChunkHolderManager] Waiting 60s for chunk I/O to halt for world 'minecraft:compat_other'
[05:56:32 INFO]: [ChunkHolderManager] Halted I/O scheduler for world 'minecraft:compat_other'
[05:56:32 INFO]: ThreadedChunkStorage (world): All chunks are saved
[05:56:32 INFO]: ThreadedChunkStorage (DIM-1): All chunks are saved
[05:56:32 INFO]: ThreadedChunkStorage (compat_other): All chunks are saved
[05:56:32 INFO]: ThreadedChunkStorage: All dimensions are saved
[05:56:32 INFO]: Waiting for all RegionFile I/O tasks to complete...
[05:56:32 INFO]: All RegionFile I/O tasks to complete
[05:56:32 INFO]: [MoonriseCommon] Awaiting termination of worker pool for up to 60s...
[05:56:32 INFO]: [MoonriseCommon] Awaiting termination of I/O pool for up to 60s...
[05:56:32 INFO]: [Leaf] Waiting for mob spawning thread to shutdown...
[05:56:32 INFO]: [Leaf] Waiting for entity tracker executor to shutdown...
[05:56:32 INFO]: [Leaf] Waiting for mob pathfinding executor to shutdown...
