Applying patches
Starting org.bukkit.craftbukkit.Main
[06:15:51 INFO]: [bootstrap] Running Java 25 (OpenJDK 64-Bit Server VM 25.0.4.1+1-LTS; Eclipse Adoptium Temurin-25.0.4.1+1) on Linux 6.18.44 (amd64)
[06:15:51 INFO]: [bootstrap] Loading Esco'S Fork 26.2-DEV-escos-26.2@ccc7fdd (2026-09-22T06:05:08Z) for Minecraft 26.2
[06:15:51 INFO]: [LeafConfig] Loading config...
[06:15:52 INFO]: [LeafConfig] Using 4 threads for Async Pathfinding
[06:15:52 INFO]: [LeafConfig] Using 4 threads for Async Entity Tracker
WARNING: A terminally deprecated method in sun.misc.Unsafe has been called
WARNING: sun.misc.Unsafe::objectFieldOffset has been called by org.joml.MemUtil$MemUtilUnsafe (file:/local-build/runs/final-070/sensor_dense/esco_all-2/libraries/org/joml/joml/1.10.8/joml-1.10.8.jar)
WARNING: Please consider reporting this to the maintainers of class org.joml.MemUtil$MemUtilUnsafe
WARNING: sun.misc.Unsafe::objectFieldOffset will be removed in a future release
[06:15:52 WARN]: [LeafConfig] You have following experimental module(s) enabled: [MultithreadedTracker.enabled], please proceed with caution!
[06:15:52 INFO]: [LeafConfig] Successfully loaded config in 371ms.
[06:15:52 INFO]: [PluginInitializerManager] Initializing plugins...
[06:15:52 INFO]: [PluginInitializerManager] Initialized 1 plugin
[06:15:52 INFO]: [PluginInitializerManager] Bukkit plugins (1):
 - EscoBenchmark (0.3.0)
[06:15:56 INFO]: [ca.spottedleaf.dataconverter.minecraft.datatypes.MCTypeRegistry] Initialising converters for DataConverter...
[06:15:56 INFO]: Environment: Environment[sessionHost=https://sessionserver.mojang.com, servicesHost=https://api.minecraftservices.com, profilesHost=https://api.mojang.com, name=PROD]
[06:15:56 ERROR]: Failed to request yggdrasil public key
com.mojang.authlib.exceptions.MinecraftClientException: Failed to read from https://api.minecraftservices.com/publickeys due to api.minecraftservices.com
	at com.mojang.authlib.minecraft.client.MinecraftClient.readServiceResponse(MinecraftClient.java:151) ~[authlib-9.0.75.jar:?]
	at com.mojang.authlib.minecraft.client.MinecraftClient.getWithEtag(MinecraftClient.java:81) ~[authlib-9.0.75.jar:?]
	at com.mojang.authlib.minecraft.client.MinecraftClient.get(MinecraftClient.java:65) ~[authlib-9.0.75.jar:?]
	at com.mojang.authlib.yggdrasil.YggdrasilServicesKeyInfo.fetch(YggdrasilServicesKeyInfo.java:114) ~[authlib-9.0.75.jar:?]
	at com.mojang.authlib.yggdrasil.YggdrasilServicesKeyInfo$1.run(YggdrasilServicesKeyInfo.java:89) ~[authlib-9.0.75.jar:?]
	at java.base/java.util.concurrent.Executors$RunnableAdapter.call(Executors.java:545) ~[?:?]
	at java.base/java.util.concurrent.FutureTask.run(FutureTask.java:328) ~[?:?]
	at java.base/java.util.concurrent.ScheduledThreadPoolExecutor$ScheduledFutureTask.run(ScheduledThreadPoolExecutor.java:309) ~[?:?]
	at java.base/java.util.concurrent.ThreadPoolExecutor.runWorker(ThreadPoolExecutor.java:1090) ~[?:?]
	at java.base/java.util.concurrent.ThreadPoolExecutor$Worker.run(ThreadPoolExecutor.java:614) ~[?:?]
	at java.base/java.lang.Thread.run(Thread.java:1474) ~[?:?]
Caused by: java.net.UnknownHostException: api.minecraftservices.com
	at java.base/sun.nio.ch.NioSocketImpl.connect(NioSocketImpl.java:569) ~[?:?]
	at java.base/java.net.SocksSocketImpl.connect(SocksSocketImpl.java:284) ~[?:?]
	at java.base/java.net.Socket.connect(Socket.java:659) ~[?:?]
	at java.base/sun.security.ssl.SSLSocketImpl.connect(SSLSocketImpl.java:304) ~[?:?]
	at java.base/sun.net.NetworkClient.doConnect(NetworkClient.java:161) ~[?:?]
	at java.base/sun.net.www.http.HttpClient.openServer(HttpClient.java:524) ~[?:?]
	at java.base/sun.net.www.http.HttpClient.openServer(HttpClient.java:612) ~[?:?]
	at java.base/sun.net.www.protocol.https.HttpsClient.<init>(HttpsClient.java:207) ~[?:?]
	at java.base/sun.net.www.protocol.https.HttpsClient.New(HttpsClient.java:289) ~[?:?]
	at java.base/sun.net.www.protocol.https.AbstractDelegateHttpsURLConnection.getNewHttpClient(AbstractDelegateHttpsURLConnection.java:196) ~[?:?]
	at java.base/sun.net.www.protocol.http.HttpURLConnection.plainConnect0(HttpURLConnection.java:1011) ~[?:?]
	at java.base/sun.net.www.protocol.http.HttpURLConnection.plainConnect(HttpURLConnection.java:902) ~[?:?]
	at java.base/sun.net.www.protocol.http.HttpURLConnection.connect(HttpURLConnection.java:875) ~[?:?]
	at java.base/sun.net.www.protocol.https.AbstractDelegateHttpsURLConnection.connect(AbstractDelegateHttpsURLConnection.java:181) ~[?:?]
	at java.base/sun.net.www.protocol.http.HttpURLConnection.getInputStream0(HttpURLConnection.java:1379) ~[?:?]
	at java.base/sun.net.www.protocol.http.HttpURLConnection.getInputStream(HttpURLConnection.java:1305) ~[?:?]
	at java.base/java.net.HttpURLConnection.getResponseCode(HttpURLConnection.java:493) ~[?:?]
	at java.base/sun.net.www.protocol.https.HttpsURLConnectionImpl.getResponseCode(HttpsURLConnectionImpl.java:307) ~[?:?]
	at com.mojang.authlib.minecraft.client.MinecraftClient.readServiceResponse(MinecraftClient.java:130) ~[authlib-9.0.75.jar:?]
	... 10 more
[06:15:56 INFO]: [ca.spottedleaf.dataconverter.minecraft.datatypes.MCTypeRegistry] Finished initialising converters for DataConverter in 376.2ms
[06:15:56 INFO]: Found new data pack paper, loading it automatically
[06:15:57 INFO]: No existing world data, creating new world
[06:15:57 INFO]: Loaded 1585 recipes
[06:15:57 INFO]: Loaded 1688 advancements
[06:15:57 INFO]: Resource reload finished after 216 ms
[06:15:57 INFO]: RecipeManager took approximately 2 tasks/108 ms (1 tasks/108 ms preparing, 1 tasks/0 ms applying)
[06:15:57 INFO]: ServerFunctionLibrary took approximately 3 tasks/0 ms (2 tasks/0 ms preparing, 1 tasks/0 ms applying)
[06:15:57 INFO]: ServerAdvancementManager took approximately 2 tasks/209 ms (1 tasks/193 ms preparing, 1 tasks/16 ms applying)
[06:15:57 INFO]: Total blocking time: 16 ms
[06:15:57 INFO]: Starting minecraft server version 26.2
[06:15:57 WARN]: ****************************
[06:15:57 WARN]: YOU ARE RUNNING THIS SERVER AS AN ADMINISTRATIVE OR ROOT USER. THIS IS NOT ADVISED.
[06:15:57 WARN]: YOU ARE OPENING YOURSELF UP TO POTENTIAL RISKS WHEN DOING THIS.
[06:15:57 WARN]: FOR MORE INFORMATION, SEE https://madelinemiller.dev/blog/root-minecraft-server/
[06:15:57 WARN]: ****************************
[06:15:57 INFO]: Loading properties
[06:15:58 INFO]: This server is running Esco'S Fork version 26.2-DEV-escos-26.2@ccc7fdd (2026-09-22T06:05:08Z) (Implementing API version 26.2.local-SNAPSHOT)
[06:15:58 INFO]: [spark] This server bundles the spark profiler. For more information please visit https://docs.papermc.io/paper/profiling
[06:15:58 INFO]: Server Ping Player Sample Count: 12
[06:15:58 INFO]: Using 4 threads for Netty based IO
[06:15:58 INFO]: [MoonriseCommon] Paper is using 2 worker threads, 1 I/O threads
[06:15:59 INFO]: Default game type: SURVIVAL
[06:15:59 INFO]: Generating keypair
[06:15:59 INFO]: Starting Minecraft server on 127.0.0.1:0
[06:15:59 INFO]: Paper: Using libdeflate (Linux x86_64) compression from Velocity.
[06:15:59 INFO]: Paper: Using OpenSSL 3.x.x (Linux x86_64) cipher from Velocity.
[06:15:59 WARN]: [io.netty.util.internal.MacAddressUtil] Failed to find a usable hardware address from the network interfaces; using random bytes: 09:6e:89:10:50:cb:81:05
[06:15:59 INFO]: [EscoBenchmark] Loading server plugin EscoBenchmark v0.3.0
[06:15:59 WARN]: **** SERVER IS RUNNING IN OFFLINE/INSECURE MODE!
[06:15:59 WARN]: The server will make no attempt to authenticate usernames. Beware.
[06:15:59 WARN]: While this makes the game possible to play without internet access, it also opens up the ability for hackers to connect with any username they choose.
[06:15:59 WARN]: To change this, set "online-mode" to "true" in the server.properties file.
[06:15:59 INFO]: Preparing level "world"
[06:16:00 INFO]: Selecting spawn point for level 'minecraft:overworld'...
[06:16:00 INFO]: Selecting spawn point for level 'minecraft:the_nether'...
[06:16:01 INFO]: Loading 0 persistent chunks for level 'minecraft:overworld'...
[06:16:01 INFO]: Preparing spawn area: 100%
[06:16:01 INFO]: Prepared spawn area in 1159 ms
[06:16:01 INFO]: Loading 0 persistent chunks for level 'minecraft:the_nether'...
[06:16:01 INFO]: Preparing spawn area: 100%
[06:16:01 INFO]: Prepared spawn area in 652 ms
[06:16:01 INFO]: Done preparing level "world" (1.751s)
[06:16:01 INFO]: [EscoBenchmark] Enabling EscoBenchmark v0.3.0
[06:16:01 INFO]: [spark] The spark profiler will not be enabled because it is currently disabled in the configuration.
[06:16:01 INFO]: Saving chunks for level 'ServerLevel[world]'/minecraft:overworld
[06:16:01 INFO]: Saving chunks for level 'ServerLevel[world]'/minecraft:the_nether
[06:16:01 INFO]: ThreadedChunkStorage (world): All chunks are saved
[06:16:01 INFO]: ThreadedChunkStorage (DIM-1): All chunks are saved
[06:16:01 INFO]: ThreadedChunkStorage: All dimensions are saved
[06:16:01 INFO]: Running delayed init tasks
[06:16:01 INFO]: Done (10.627s)! For help, type "help"
[06:16:01 INFO]: *************************************************************************************
[06:16:01 INFO]: This is the first time you're starting this server.
[06:16:01 INFO]: It's recommended you read our 'Getting Started' documentation for guidance.
[06:16:01 INFO]: View this and more helpful information here: https://docs.papermc.io/paper/next-steps
[06:16:01 INFO]: *************************************************************************************
[06:16:03 INFO]: [EscoBenchmark] BENCH_READY mode=sensor entities=8192 synthetic_player_positions=0
[06:16:29 ERROR]: --- DO NOT REPORT THIS TO PAPER - If you think this is a Leaf bug, please report it at https://github.com/Winds-Studio/Leaf/issues - THIS IS NOT A PAPER BUG OR CRASH - 26.2-DEV-ccc7fdd (MC: 26.2) ---
[06:16:29 ERROR]: The server has not responded for 10 seconds! Creating thread dump
[06:16:29 ERROR]: ------------------------------
[06:16:29 ERROR]: Server thread dump (Look for plugins here before reporting to Leaf!):
[06:16:29 ERROR]: ------------------------------
[06:16:29 ERROR]: Current Thread: Server thread
[06:16:30 ERROR]: 	PID: 61 | Suspended: false | Native: false | State: RUNNABLE
[06:16:30 ERROR]: 	Stack:
[06:16:30 ERROR]: 		benchmark.jar//dev.escos.verify.BenchPlugin.runTick(BenchPlugin.java:175)
[06:16:30 ERROR]: 		benchmark.jar//dev.escos.verify.BenchPlugin.lambda$setup$5(BenchPlugin.java:139)
[06:16:30 ERROR]: 		benchmark.jar//dev.escos.verify.BenchPlugin$$Lambda/0x000000003428f268.run(Unknown Source)
[06:16:30 ERROR]: 		org.bukkit.craftbukkit.scheduler.CraftTask.run(CraftTask.java:78)
[06:16:30 ERROR]: 		org.bukkit.craftbukkit.scheduler.CraftScheduler.mainThreadHeartbeat(CraftScheduler.java:474)
[06:16:30 ERROR]: 		net.minecraft.server.MinecraftServer.tickChildren(MinecraftServer.java:1892)
[06:16:30 ERROR]: 		net.minecraft.server.MinecraftServer.tickServer(MinecraftServer.java:1722)
[06:16:30 ERROR]: 		net.minecraft.server.dedicated.DedicatedServer.tickServer(DedicatedServer.java:469)
[06:16:30 ERROR]: 		net.minecraft.server.MinecraftServer.processPacketsAndTick(MinecraftServer.java:1781)
[06:16:30 ERROR]: 		net.minecraft.server.MinecraftServer.runServer(MinecraftServer.java:1449)
[06:16:30 ERROR]: 		net.minecraft.server.MinecraftServer.lambda$spin$0(MinecraftServer.java:303)
[06:16:30 ERROR]: 		net.minecraft.server.MinecraftServer$$Lambda/0x000000003407e2a8.run(Unknown Source)
[06:16:30 ERROR]: 		java.base@25.0.4.1/java.lang.Thread.runWith(Thread.java:1487)
[06:16:30 ERROR]: 		java.base@25.0.4.1/java.lang.Thread.run(Thread.java:1474)
[06:16:30 ERROR]: ------------------------------
[06:16:30 ERROR]: --- DO NOT REPORT THIS TO PAPER - If you think this is a Leaf bug, please report it at https://github.com/Winds-Studio/Leaf/issues - THIS IS NOT A PAPER BUG OR CRASH ---
[06:16:30 ERROR]: ------------------------------
[06:16:35 INFO]: [EscoBenchmark] BENCH_COMPLETE sensor mean_mspt=78.40244085
[06:16:35 INFO]: Stopping server
[06:16:35 INFO]: [EscoBenchmark] Disabling EscoBenchmark v0.3.0
[06:16:35 INFO]: Saving players
[06:16:35 INFO]: Saving worlds
[06:16:35 INFO]: Saving chunks for level 'ServerLevel[world]'/minecraft:overworld
[06:16:35 INFO]: [ChunkHolderManager] Waiting 60s for chunk system to halt for world 'minecraft:overworld'
[06:16:35 INFO]: [ChunkHolderManager] Halted chunk system for world 'minecraft:overworld'
[06:16:35 INFO]: [ChunkHolderManager] Saving all chunkholders for world 'minecraft:overworld'
[06:16:35 INFO]: [ChunkHolderManager] Saved 1520 block chunks, 289 entity chunks, 0 poi chunks in world 'minecraft:overworld' in 0.32s
[06:16:35 INFO]: [ChunkHolderManager] Waiting 60s for chunk I/O to halt for world 'minecraft:overworld'
[06:16:35 INFO]: [ChunkHolderManager] Halted I/O scheduler for world 'minecraft:overworld'
[06:16:35 INFO]: Saving chunks for level 'ServerLevel[world]'/minecraft:the_nether
[06:16:35 INFO]: [ChunkHolderManager] Waiting 60s for chunk system to halt for world 'minecraft:the_nether'
[06:16:35 INFO]: [ChunkHolderManager] Halted chunk system for world 'minecraft:the_nether'
[06:16:35 INFO]: [ChunkHolderManager] Saving all chunkholders for world 'minecraft:the_nether'
[06:16:35 INFO]: [ChunkHolderManager] Saved 0 block chunks, 0 entity chunks, 0 poi chunks in world 'minecraft:the_nether' in 0.00s
[06:16:35 INFO]: [ChunkHolderManager] Waiting 60s for chunk I/O to halt for world 'minecraft:the_nether'
[06:16:35 INFO]: [ChunkHolderManager] Halted I/O scheduler for world 'minecraft:the_nether'
[06:16:35 INFO]: ThreadedChunkStorage (world): All chunks are saved
[06:16:35 INFO]: ThreadedChunkStorage (DIM-1): All chunks are saved
[06:16:35 INFO]: ThreadedChunkStorage: All dimensions are saved
[06:16:35 INFO]: Waiting for all RegionFile I/O tasks to complete...
[06:16:35 INFO]: All RegionFile I/O tasks to complete
[06:16:35 INFO]: [MoonriseCommon] Awaiting termination of worker pool for up to 60s...
[06:16:35 INFO]: [MoonriseCommon] Awaiting termination of I/O pool for up to 60s...
[06:16:35 INFO]: [Leaf] Waiting for mob spawning thread to shutdown...
[06:16:35 INFO]: [Leaf] Waiting for entity tracker executor to shutdown...
[06:16:35 INFO]: [Leaf] Waiting for mob pathfinding executor to shutdown...
